// Jest Snapshot v1, https://goo.gl/fbAQLP

exports[`CustomCursor Component should render correctly 1`] = `
<div
  className="cursor "
>
  <svg
    height={50}
    viewBox="0 0 50 50"
    width={50}
  >
    <circle
      cx={25}
      fill="#000"
      height={25}
      r={12.5}
      stroke="#000"
      strokeWidth={0}
    />
  </svg>
</div>
`;

exports[`it renders correctly 1`] = `
<div
  className="cursor "
>
  <svg
    height={50}
    viewBox="0 0 50 50"
    width={50}
  >
    <circle
      cx={25}
      fill="#000"
      height={25}
      r={12.5}
      stroke="#000"
      strokeWidth={0}
    />
  </svg>
</div>
`;
